// Jest Snapshot v1, https://goo.gl/fbAQLP

exports[`The login component Check if matches the snapshot 1`] = `ShallowWrapper {}`;
